190.76.88.14 - - [11/Feb/2015:14:06:16 -0500] "GET / HTTP/1.1" 500 640 "-" "Mozilla/5.0 (X11; Linux x86_64) AppleWebKit/537.36 (KHTML, like Gecko) Ubuntu Chromium/37.0.2062.120 Chrome/37.0.2062.120 Safari/537.36"
190.76.88.14 - - [11/Feb/2015:14:06:17 -0500] "GET /favicon.ico HTTP/1.1" 404 503 "-" "Mozilla/5.0 (X11; Linux x86_64) AppleWebKit/537.36 (KHTML, like Gecko) Ubuntu Chromium/37.0.2062.120 Chrome/37.0.2062.120 Safari/537.36"
190.76.88.14 - - [11/Feb/2015:14:06:21 -0500] "GET /admin/ HTTP/1.1" 500 640 "-" "Mozilla/5.0 (X11; Linux x86_64) AppleWebKit/537.36 (KHTML, like Gecko) Ubuntu Chromium/37.0.2062.120 Chrome/37.0.2062.120 Safari/537.36"
190.76.88.14 - - [11/Feb/2015:14:06:32 -0500] "GET /admin/ HTTP/1.1" 500 640 "-" "Mozilla/5.0 (X11; Linux x86_64) AppleWebKit/537.36 (KHTML, like Gecko) Ubuntu Chromium/37.0.2062.120 Chrome/37.0.2062.120 Safari/537.36"
190.76.88.14 - - [11/Feb/2015:14:06:36 -0500] "GET /AnarWeb HTTP/1.1" 500 640 "-" "Mozilla/5.0 (X11; Linux x86_64) AppleWebKit/537.36 (KHTML, like Gecko) Ubuntu Chromium/37.0.2062.120 Chrome/37.0.2062.120 Safari/537.36"
190.76.88.14 - - [11/Feb/2015:14:13:53 -0500] "GET / HTTP/1.1" 500 640 "-" "Mozilla/5.0 (X11; Linux x86_64) AppleWebKit/537.36 (KHTML, like Gecko) Ubuntu Chromium/37.0.2062.120 Chrome/37.0.2062.120 Safari/537.36"
190.76.88.14 - - [11/Feb/2015:14:14:07 -0500] "GET /AnarWeb HTTP/1.1" 500 640 "-" "Mozilla/5.0 (X11; Linux x86_64) AppleWebKit/537.36 (KHTML, like Gecko) Ubuntu Chromium/37.0.2062.120 Chrome/37.0.2062.120 Safari/537.36"
190.76.88.14 - - [11/Feb/2015:14:14:12 -0500] "GET /AnarWeb/AnarWeb HTTP/1.1" 500 640 "-" "Mozilla/5.0 (X11; Linux x86_64) AppleWebKit/537.36 (KHTML, like Gecko) Ubuntu Chromium/37.0.2062.120 Chrome/37.0.2062.120 Safari/537.36"
190.76.88.14 - - [11/Feb/2015:14:14:18 -0500] "GET /admin/ HTTP/1.1" 500 640 "-" "Mozilla/5.0 (X11; Linux x86_64) AppleWebKit/537.36 (KHTML, like Gecko) Ubuntu Chromium/37.0.2062.120 Chrome/37.0.2062.120 Safari/537.36"
66.249.88.252 - - [11/Feb/2015:14:34:42 -0500] "GET /admin/ HTTP/1.1" 500 640 "-" "Mozilla/5.0 (Windows NT 6.1; rv:6.0) Gecko/20110814 Firefox/6.0 Google favicon"
190.76.88.14 - - [11/Feb/2015:14:51:53 -0500] "GET / HTTP/1.1" 500 640 "-" "Mozilla/5.0 (X11; Linux x86_64) AppleWebKit/537.36 (KHTML, like Gecko) Ubuntu Chromium/37.0.2062.120 Chrome/37.0.2062.120 Safari/537.36"
190.76.88.14 - - [11/Feb/2015:15:21:59 -0430] "GET /AnarWeb HTTP/1.1" 500 640 "-" "Mozilla/5.0 (X11; Linux x86_64) AppleWebKit/537.36 (KHTML, like Gecko) Ubuntu Chromium/37.0.2062.120 Chrome/37.0.2062.120 Safari/537.36"
190.76.88.14 - - [11/Feb/2015:14:52:04 -0500] "GET /AnarWeb/AnarWeb HTTP/1.1" 500 640 "-" "Mozilla/5.0 (X11; Linux x86_64) AppleWebKit/537.36 (KHTML, like Gecko) Ubuntu Chromium/37.0.2062.120 Chrome/37.0.2062.120 Safari/537.36"
190.76.88.14 - - [11/Feb/2015:14:57:45 -0500] "GET / HTTP/1.1" 500 640 "-" "Mozilla/5.0 (X11; Linux x86_64) AppleWebKit/537.36 (KHTML, like Gecko) Ubuntu Chromium/37.0.2062.120 Chrome/37.0.2062.120 Safari/537.36"
190.76.88.14 - - [11/Feb/2015:14:59:24 -0500] "GET / HTTP/1.1" 500 10462 "-" "Mozilla/5.0 (X11; Linux x86_64) AppleWebKit/537.36 (KHTML, like Gecko) Ubuntu Chromium/37.0.2062.120 Chrome/37.0.2062.120 Safari/537.36"
190.76.88.14 - - [11/Feb/2015:15:30:53 -0430] "GET / HTTP/1.1" 500 18722 "-" "Mozilla/5.0 (X11; Linux x86_64) AppleWebKit/537.36 (KHTML, like Gecko) Ubuntu Chromium/37.0.2062.120 Chrome/37.0.2062.120 Safari/537.36"
190.76.88.14 - - [11/Feb/2015:15:04:10 -0500] "GET / HTTP/1.1" 404 1199 "-" "Mozilla/5.0 (X11; Linux x86_64) AppleWebKit/537.36 (KHTML, like Gecko) Ubuntu Chromium/37.0.2062.120 Chrome/37.0.2062.120 Safari/537.36"
190.76.88.14 - - [11/Feb/2015:15:34:20 -0430] "GET /AnarWeb HTTP/1.1" 404 1204 "-" "Mozilla/5.0 (X11; Linux x86_64) AppleWebKit/537.36 (KHTML, like Gecko) Ubuntu Chromium/37.0.2062.120 Chrome/37.0.2062.120 Safari/537.36"
190.76.88.14 - - [11/Feb/2015:15:36:49 -0430] "GET / HTTP/1.1" 404 1199 "-" "Mozilla/5.0 (X11; Linux x86_64) AppleWebKit/537.36 (KHTML, like Gecko) Ubuntu Chromium/37.0.2062.120 Chrome/37.0.2062.120 Safari/537.36"
190.76.88.14 - - [11/Feb/2015:15:37:00 -0430] "GET /admin/ HTTP/1.1" 200 1860 "-" "Mozilla/5.0 (X11; Linux x86_64) AppleWebKit/537.36 (KHTML, like Gecko) Ubuntu Chromium/37.0.2062.120 Chrome/37.0.2062.120 Safari/537.36"
190.76.88.14 - - [11/Feb/2015:15:37:26 -0430] "POST /admin/ HTTP/1.1" 200 1986 "http://159.90.9.166/admin/" "Mozilla/5.0 (X11; Linux x86_64) AppleWebKit/537.36 (KHTML, like Gecko) Ubuntu Chromium/37.0.2062.120 Chrome/37.0.2062.120 Safari/537.36"
190.76.88.14 - - [11/Feb/2015:15:37:43 -0430] "POST /admin/ HTTP/1.1" 200 1986 "http://159.90.9.166/admin/" "Mozilla/5.0 (X11; Linux x86_64) AppleWebKit/537.36 (KHTML, like Gecko) Ubuntu Chromium/37.0.2062.120 Chrome/37.0.2062.120 Safari/537.36"
141.212.122.122 - - [11/Feb/2015:15:37:56 -0430] "GET / HTTP/1.1" 404 2202 "-" "-"
190.76.88.14 - - [11/Feb/2015:15:09:54 -0500] "GET /admin/ HTTP/1.1" 500 12900 "-" "Mozilla/5.0 (X11; Linux x86_64) AppleWebKit/537.36 (KHTML, like Gecko) Ubuntu Chromium/37.0.2062.120 Chrome/37.0.2062.120 Safari/537.36"
190.142.169.188 - - [11/Feb/2015:15:39:59 -0430] "GET / HTTP/1.1" 500 12816 "-" "Mozilla/5.0 (Windows NT 6.3; WOW64) AppleWebKit/537.36 (KHTML, like Gecko) Chrome/40.0.2214.111 Safari/537.36"
190.142.169.188 - - [11/Feb/2015:15:09:59 -0500] "GET /favicon.ico HTTP/1.1" 404 503 "-" "Mozilla/5.0 (Windows NT 6.3; WOW64) AppleWebKit/537.36 (KHTML, like Gecko) Chrome/40.0.2214.111 Safari/537.36"
190.76.88.14 - - [11/Feb/2015:15:12:40 -0500] "GET /admin/ HTTP/1.1" 200 1860 "-" "Mozilla/5.0 (X11; Linux x86_64) AppleWebKit/537.36 (KHTML, like Gecko) Ubuntu Chromium/37.0.2062.120 Chrome/37.0.2062.120 Safari/537.36"
190.76.88.14 - - [11/Feb/2015:15:42:43 -0430] "GET /admin HTTP/1.1" 301 323 "-" "Mozilla/5.0 (X11; Linux x86_64) AppleWebKit/537.36 (KHTML, like Gecko) Ubuntu Chromium/37.0.2062.120 Chrome/37.0.2062.120 Safari/537.36"
190.76.88.14 - - [11/Feb/2015:15:42:44 -0430] "GET / HTTP/1.1" 404 1187 "-" "Mozilla/5.0 (X11; Linux x86_64) AppleWebKit/537.36 (KHTML, like Gecko) Ubuntu Chromium/37.0.2062.120 Chrome/37.0.2062.120 Safari/537.36"
190.76.88.14 - - [11/Feb/2015:15:43:03 -0430] "GET /AnarWeb/AnarWeb HTTP/1.1" 404 1197 "-" "Mozilla/5.0 (X11; Linux x86_64) AppleWebKit/537.36 (KHTML, like Gecko) Ubuntu Chromium/37.0.2062.120 Chrome/37.0.2062.120 Safari/537.36"
190.76.88.14 - - [11/Feb/2015:15:43:08 -0430] "GET /admin/ HTTP/1.1" 200 1859 "-" "Mozilla/5.0 (X11; Linux x86_64) AppleWebKit/537.36 (KHTML, like Gecko) Ubuntu Chromium/37.0.2062.120 Chrome/37.0.2062.120 Safari/537.36"
190.76.88.14 - - [11/Feb/2015:15:43:44 -0430] "POST /admin/ HTTP/1.1" 200 1986 "http://159.90.9.166/admin/" "Mozilla/5.0 (X11; Linux x86_64) AppleWebKit/537.36 (KHTML, like Gecko) Ubuntu Chromium/37.0.2062.120 Chrome/37.0.2062.120 Safari/537.36"
186.91.134.129 - - [11/Feb/2015:22:11:52 -0430] "GET /admin/anarapp/yacimiento/7/ HTTP/1.1" 404 1409 "-" "Mozilla/5.0 (Linux; U; Android 4.2.2; es-us; GT-P3113 Build/JDQ39) AppleWebKit/534.30 (KHTML, like Gecko) Version/4.0 Safari/534.30"
186.91.134.129 - - [11/Feb/2015:22:39:52 -0500] "GET /admin/anarapp/yacimiento/7/ HTTP/1.1" 404 1408 "-" "Mozilla/5.0 (Linux; U; Android 4.2.2; es-us; GT-P3113 Build/JDQ39) AppleWebKit/534.30 (KHTML, like Gecko) Version/4.0 Safari/534.30"
209.166.45.62 - - [12/Feb/2015:04:58:38 -0430] "GET /tmUnblock.cgi HTTP/1.1" 400 517 "-" "-"
186.93.45.199 - - [12/Feb/2015:15:39:03 -0430] "GET /admin/anarapp/yacimiento/7/ HTTP/1.1" 404 1408 "-" "Mozilla/5.0 (Linux; U; Android 4.2.2; es-us; GT-P3113 Build/JDQ39) AppleWebKit/534.30 (KHTML, like Gecko) Version/4.0 Safari/534.30"
141.212.122.98 - - [12/Feb/2015:17:53:18 -0430] "GET / HTTP/1.1" 404 2091 "-" "-"
68.67.91.217 - - [12/Feb/2015:19:28:38 -0430] "GET /tmUnblock.cgi HTTP/1.1" 400 517 "-" "-"
186.93.45.199 - - [12/Feb/2015:20:45:55 -0430] "GET /admin/anarapp/yacimiento/7/ HTTP/1.1" 404 1408 "-" "Mozilla/5.0 (Linux; U; Android 4.2.2; es-us; GT-P3113 Build/JDQ39) AppleWebKit/534.30 (KHTML, like Gecko) Version/4.0 Safari/534.30"
186.93.45.199 - - [12/Feb/2015:21:06:42 -0430] "GET /admin/anarapp/yacimiento/7/ HTTP/1.1" 404 1409 "-" "Mozilla/5.0 (Linux; U; Android 4.2.2; es-us; GT-P3113 Build/JDQ39) AppleWebKit/534.30 (KHTML, like Gecko) Version/4.0 Safari/534.30"
186.93.45.199 - - [12/Feb/2015:22:13:57 -0430] "GET /admin/anarapp/yacimiento/7/ HTTP/1.1" 404 1409 "-" "Mozilla/5.0 (Linux; U; Android 4.2.2; es-us; GT-P3113 Build/JDQ39) AppleWebKit/534.30 (KHTML, like Gecko) Version/4.0 Safari/534.30"
186.93.45.199 - - [12/Feb/2015:22:46:17 -0430] "GET /admin/anarapp/yacimiento/7/ HTTP/1.1" 404 1408 "-" "Mozilla/5.0 (Linux; U; Android 4.2.2; es-us; GT-P3113 Build/JDQ39) AppleWebKit/534.30 (KHTML, like Gecko) Version/4.0 Safari/534.30"
198.154.63.131 - - [13/Feb/2015:04:28:12 -0430] "POST //%63%67%69%2D%62%69%6E/%70%68%70?%2D%64+%61%6C%6C%6F%77%5F%75%72%6C%5F%69%6E%63%6C%75%64%65%3D%6F%6E+%2D%64+%73%61%66%65%5F%6D%6F%64%65%3D%6F%66%66+%2D%64+%73%75%68%6F%73%69%6E%2E%73%69%6D%75%6C%61%74%69%6F%6E%3D%6F%6E+%2D%64+%64%69%73%61%62%6C%65%5F%66%75%6E%63%74%69%6F%6E%73%3D%22%22+%2D%64+%6F%70%65%6E%5F%62%61%73%65%64%69%72%3D%6E%6F%6E%65+%2D%64+%61%75%74%6F%5F%70%72%65%70%65%6E%64%5F%66%69%6C%65%3D%70%68%70%3A%2F%2F%69%6E%70%75%74+%2D%64+%63%67%69%2E%66%6F%72%63%65%5F%72%65%64%69%72%65%63%74%3D%30+%2D%64+%63%67%69%2E%72%65%64%69%72%65%63%74%5F%73%74%61%74%75%73%5F%65%6E%76%3D%30+%2D%64+%61%75%74%6F%5F%70%72%65%70%65%6E%64%5F%66%69%6C%65%3D%70%68%70%3A%2F%2F%69%6E%70%75%74+%2D%6E HTTP/1.1" 404 2776 "-" "-"
141.212.122.18 - - [13/Feb/2015:04:49:05 -0430] "GET / HTTP/1.1" 404 2091 "-" "-"
188.138.17.205 - - [13/Feb/2015:08:22:42 -0430] "GET / HTTP/1.1" 404 2091 "-" "-"
188.138.17.205 - - [13/Feb/2015:08:22:42 -0430] "GET /robots.txt HTTP/1.1" 404 470 "-" "-"
190.4.45.114 - - [13/Feb/2015:16:56:00 -0430] "GET /tmUnblock.cgi HTTP/1.1" 400 517 "-" "-"
128.61.240.66 - - [13/Feb/2015:17:07:32 -0430] "GET / HTTP/1.0" 404 2078 "-" "masscan/1.0 (https://github.com/robertdavidgraham/masscan)"
66.249.88.250 - - [13/Feb/2015:19:24:20 -0430] "GET /AnarWeb HTTP/1.1" 404 1192 "-" "Mozilla/5.0 (Windows NT 6.1; rv:6.0) Gecko/20110814 Firefox/6.0 Google favicon"
66.249.88.248 - - [13/Feb/2015:19:24:20 -0430] "GET / HTTP/1.1" 404 1188 "-" "Mozilla/5.0 (Windows NT 6.1; rv:6.0) Gecko/20110814 Firefox/6.0 Google favicon"
66.249.88.252 - - [13/Feb/2015:19:24:20 -0430] "GET /admin/ HTTP/1.1" 200 1860 "-" "Mozilla/5.0 (Windows NT 6.1; rv:6.0) Gecko/20110814 Firefox/6.0 Google favicon"
186.95.130.71 - - [13/Feb/2015:21:43:47 -0430] "GET /admin/anarapp/yacimiento/7/ HTTP/1.1" 404 1408 "-" "Mozilla/5.0 (Linux; U; Android 4.2.2; es-us; GT-P3113 Build/JDQ39) AppleWebKit/534.30 (KHTML, like Gecko) Version/4.0 Safari/534.30"
186.95.130.71 - - [13/Feb/2015:21:56:32 -0430] "GET /admin/anarapp/yacimiento/7/ HTTP/1.1" 404 1409 "-" "Mozilla/5.0 (Linux; U; Android 4.2.2; es-us; GT-P3113 Build/JDQ39) AppleWebKit/534.30 (KHTML, like Gecko) Version/4.0 Safari/534.30"
95.111.54.7 - - [14/Feb/2015:01:46:51 -0430] "GET /tmUnblock.cgi HTTP/1.1" 400 517 "-" "-"
141.212.121.136 - - [14/Feb/2015:04:33:59 -0430] "GET / HTTP/1.1" 404 2091 "-" "-"
66.249.88.252 - - [14/Feb/2015:16:59:50 -0430] "GET /favicon.ico HTTP/1.1" 404 503 "-" "Mozilla/5.0 (Windows NT 6.1; rv:6.0) Gecko/20110814 Firefox/6.0 Google favicon"
5.196.105.72 - - [14/Feb/2015:17:33:43 -0430] "HEAD / HTTP/1.0" 404 177 "-" "-"
66.249.88.252 - - [14/Feb/2015:20:45:42 -0430] "GET /AnarWeb HTTP/1.1" 404 1192 "-" "Mozilla/5.0 (Windows NT 6.1; rv:6.0) Gecko/20110814 Firefox/6.0 Google favicon"
66.249.88.252 - - [14/Feb/2015:20:45:42 -0430] "GET /admin/ HTTP/1.1" 200 1861 "-" "Mozilla/5.0 (Windows NT 6.1; rv:6.0) Gecko/20110814 Firefox/6.0 Google favicon"
188.138.17.205 - - [14/Feb/2015:22:29:32 -0430] "GET / HTTP/1.1" 404 2091 "-" "-"
188.138.17.205 - - [14/Feb/2015:22:29:33 -0430] "GET /robots.txt HTTP/1.1" 404 470 "-" "-"
63.131.141.124 - - [14/Feb/2015:23:40:41 -0430] "GET /cgi-bin/test-cgi HTTP/1.1" 404 2195 "-" "the beast"
66.249.88.252 - - [15/Feb/2015:01:00:17 -0430] "GET / HTTP/1.1" 404 1188 "-" "Mozilla/5.0 (Windows NT 6.1; rv:6.0) Gecko/20110814 Firefox/6.0 Google favicon"
2.248.124.108 - - [15/Feb/2015:01:20:41 -0430] "GET /tmUnblock.cgi HTTP/1.1" 400 517 "-" "-"
85.18.173.109 - - [15/Feb/2015:04:22:46 -0430] "HEAD / HTTP/1.0" 404 177 "-" "-"
98.203.247.243 - - [15/Feb/2015:04:32:01 -0430] "GET /tmUnblock.cgi HTTP/1.1" 400 517 "-" "-"
186.95.130.71 - - [15/Feb/2015:16:25:55 -0430] "GET /admin/anarapp/yacimiento/7/ HTTP/1.1" 404 1410 "-" "Mozilla/5.0 (Linux; U; Android 4.2.2; es-us; GT-P3113 Build/JDQ39) AppleWebKit/534.30 (KHTML, like Gecko) Version/4.0 Safari/534.30"
66.249.88.252 - - [15/Feb/2015:17:11:07 -0430] "GET /favicon.ico HTTP/1.1" 404 503 "-" "Mozilla/5.0 (Windows NT 6.1; rv:6.0) Gecko/20110814 Firefox/6.0 Google favicon"
186.95.130.71 - - [15/Feb/2015:19:46:21 -0500] "GET /admin/anarapp/yacimiento/7/ HTTP/1.1" 404 1410 "-" "Mozilla/5.0 (Linux; U; Android 4.2.2; es-us; GT-P3113 Build/JDQ39) AppleWebKit/534.30 (KHTML, like Gecko) Version/4.0 Safari/534.30"
46.165.220.215 - - [16/Feb/2015:00:37:46 -0430] "GET /admin/i18n/readme.txt HTTP/1.1" 404 4227 "-" "curl/7.15.5 (x86_64-redhat-linux-gnu) libcurl/7.15.5 OpenSSL/0.9.8b zlib/1.2.3 libidn/0.6.5"
66.249.88.250 - - [16/Feb/2015:09:51:39 -0430] "GET /admin/ HTTP/1.1" 200 1862 "-" "Mozilla/5.0 (Windows NT 6.1; rv:6.0) Gecko/20110814 Firefox/6.0 Google favicon"
128.61.240.66 - - [16/Feb/2015:10:51:23 -0430] "GET / HTTP/1.0" 404 2078 "-" "masscan/1.0 (https://github.com/robertdavidgraham/masscan)"
141.212.121.152 - - [16/Feb/2015:14:01:11 -0430] "GET / HTTP/1.1" 404 2091 "-" "-"
188.138.17.205 - - [16/Feb/2015:14:05:05 -0430] "GET / HTTP/1.1" 404 2091 "-" "-"
198.154.63.131 - - [16/Feb/2015:16:59:39 -0430] "POST //%63%67%69%2D%62%69%6E/%70%68%70?%2D%64+%61%6C%6C%6F%77%5F%75%72%6C%5F%69%6E%63%6C%75%64%65%3D%6F%6E+%2D%64+%73%61%66%65%5F%6D%6F%64%65%3D%6F%66%66+%2D%64+%73%75%68%6F%73%69%6E%2E%73%69%6D%75%6C%61%74%69%6F%6E%3D%6F%6E+%2D%64+%64%69%73%61%62%6C%65%5F%66%75%6E%63%74%69%6F%6E%73%3D%22%22+%2D%64+%6F%70%65%6E%5F%62%61%73%65%64%69%72%3D%6E%6F%6E%65+%2D%64+%61%75%74%6F%5F%70%72%65%70%65%6E%64%5F%66%69%6C%65%3D%70%68%70%3A%2F%2F%69%6E%70%75%74+%2D%64+%63%67%69%2E%66%6F%72%63%65%5F%72%65%64%69%72%65%63%74%3D%30+%2D%64+%63%67%69%2E%72%65%64%69%72%65%63%74%5F%73%74%61%74%75%73%5F%65%6E%76%3D%30+%2D%64+%61%75%74%6F%5F%70%72%65%70%65%6E%64%5F%66%69%6C%65%3D%70%68%70%3A%2F%2F%69%6E%70%75%74+%2D%6E HTTP/1.1" 404 2776 "-" "-"
186.95.130.71 - - [16/Feb/2015:22:12:22 -0430] "GET /admin/anarapp/yacimiento/7/ HTTP/1.1" 404 1410 "-" "Mozilla/5.0 (Linux; U; Android 4.2.2; es-us; GT-P3113 Build/JDQ39) AppleWebKit/534.30 (KHTML, like Gecko) Version/4.0 Safari/534.30"
66.249.88.252 - - [17/Feb/2015:08:08:03 -0430] "GET /favicon.ico HTTP/1.1" 404 503 "-" "Mozilla/5.0 (Windows NT 6.1; rv:6.0) Gecko/20110814 Firefox/6.0 Google favicon"
66.249.88.250 - - [17/Feb/2015:08:08:03 -0430] "GET /AnarWeb HTTP/1.1" 404 1192 "-" "Mozilla/5.0 (Windows NT 6.1; rv:6.0) Gecko/20110814 Firefox/6.0 Google favicon"
66.249.88.248 - - [17/Feb/2015:08:08:03 -0430] "GET / HTTP/1.1" 404 1188 "-" "Mozilla/5.0 (Windows NT 6.1; rv:6.0) Gecko/20110814 Firefox/6.0 Google favicon"
128.61.240.66 - - [17/Feb/2015:09:54:38 -0430] "GET / HTTP/1.0" 404 2078 "-" "masscan/1.0 (https://github.com/robertdavidgraham/masscan)"
185.35.62.11 - - [17/Feb/2015:12:09:23 -0430] "HEAD / HTTP/1.1" 404 158 "-" "-"
173.242.118.66 - - [17/Feb/2015:16:35:30 -0430] "GET /phpmyadmin/scripts/setup.php HTTP/1.0" 404 2162 "-" "-"
66.249.88.252 - - [17/Feb/2015:17:38:17 -0430] "GET /admin/ HTTP/1.1" 200 1858 "-" "Mozilla/5.0 (Windows NT 6.1; rv:6.0) Gecko/20110814 Firefox/6.0 Google favicon"
141.212.122.186 - - [17/Feb/2015:18:47:46 -0430] "GET / HTTP/1.1" 404 2091 "-" "-"
52.1.229.123 - - [17/Feb/2015:21:48:07 -0430] "GET / HTTP/1.1" 404 2147 "-" "Mozilla/5.0 (X11; Linux x86_64) AppleWebKit/537.36 (KHTML, like Gecko) Chrome/29.0.1547.57 Safari/537.36"
186.93.38.187 - - [18/Feb/2015:00:26:06 -0430] "GET /admin/anarapp/yacimiento/7/ HTTP/1.1" 404 1410 "-" "Mozilla/5.0 (Linux; U; Android 4.2.2; es-us; GT-P3113 Build/JDQ39) AppleWebKit/534.30 (KHTML, like Gecko) Version/4.0 Safari/534.30"
54.183.26.200 - - [18/Feb/2015:07:29:00 -0430] "GET / HTTP/1.1" 404 2110 "-" "Mozilla/4.0 (compatible; MSIE 6.0; Windows NT 5.1; SV1; InfoPath.2)"
209.126.230.71 - - [18/Feb/2015:09:58:46 -0430] "GET / HTTP/1.0" 404 2078 "-" "StatsInfo"
159.90.10.56 - - [18/Feb/2015:11:32:03 -0430] "GET /admin/anarapp/yacimiento/7/ HTTP/1.1" 404 1410 "-" "Mozilla/5.0 (Linux; U; Android 4.2.2; es-us; GT-P3113 Build/JDQ39) AppleWebKit/534.30 (KHTML, like Gecko) Version/4.0 Safari/534.30"
128.61.240.66 - - [18/Feb/2015:13:08:27 -0430] "GET /readme.html HTTP/1.0" 404 2111 "-" "masscan/1.0 (https://github.com/robertdavidgraham/masscan)"
159.90.10.56 - - [18/Feb/2015:14:59:24 -0430] "GET /admin/anarapp/yacimiento/7/ HTTP/1.1" 404 1410 "-" "Mozilla/5.0 (Linux; U; Android 4.2.2; es-us; GT-P3113 Build/JDQ39) AppleWebKit/534.30 (KHTML, like Gecko) Version/4.0 Safari/534.30"
169.229.3.94 - - [18/Feb/2015:18:10:51 -0430] "-" 408 0 "-" "-"
169.229.3.92 - - [18/Feb/2015:18:10:58 -0430] "-" 408 0 "-" "-"
169.229.3.93 - - [18/Feb/2015:18:11:26 -0430] "-" 408 0 "-" "-"
186.5.63.132 - - [18/Feb/2015:20:46:39 -0430] "HEAD / HTTP/1.0" 404 177 "-" "-"
190.178.198.171 - - [19/Feb/2015:00:38:05 -0430] "GET / HTTP/1.1" 404 1188 "-" "Mozilla/5.0 (Windows NT 5.1) AppleWebKit/537.36 (KHTML, like Gecko) Chrome/40.0.2214.111 Safari/537.36"
190.178.198.171 - - [19/Feb/2015:00:38:06 -0430] "GET /favicon.ico HTTP/1.1" 404 502 "-" "Mozilla/5.0 (Windows NT 5.1) AppleWebKit/537.36 (KHTML, like Gecko) Chrome/40.0.2214.111 Safari/537.36"
188.138.17.205 - - [19/Feb/2015:11:01:47 -0430] "GET / HTTP/1.1" 404 2091 "-" "-"
66.249.88.252 - - [19/Feb/2015:13:49:43 -0430] "GET /AnarWeb HTTP/1.1" 404 1192 "-" "Mozilla/5.0 (Windows NT 6.1; rv:6.0) Gecko/20110814 Firefox/6.0 Google favicon"
66.249.88.248 - - [19/Feb/2015:13:49:43 -0430] "GET /admin/ HTTP/1.1" 200 1860 "-" "Mozilla/5.0 (Windows NT 6.1; rv:6.0) Gecko/20110814 Firefox/6.0 Google favicon"
95.172.83.90 - - [20/Feb/2015:00:41:42 -0430] "GET /phpmyadmin/scripts/setup.php HTTP/1.0" 404 2162 "-" "-"
50.66.53.111 - - [20/Feb/2015:09:38:31 -0430] "GET / HTTP/1.1" 400 517 "-" "-"
50.66.53.111 - - [20/Feb/2015:09:38:31 -0430] "GET /rom-0 HTTP/1.1" 404 2106 "-" "-"
141.212.122.2 - - [20/Feb/2015:16:46:34 -0430] "GET / HTTP/1.1" 404 2091 "-" "-"
190.36.115.159 - - [20/Feb/2015:20:43:35 -0430] "GET /admin/anarapp/yacimiento/7/ HTTP/1.1" 404 1410 "-" "Mozilla/5.0 (Linux; U; Android 4.2.2; es-us; GT-P3113 Build/JDQ39) AppleWebKit/534.30 (KHTML, like Gecko) Version/4.0 Safari/534.30"
66.249.88.248 - - [20/Feb/2015:22:42:17 -0430] "GET / HTTP/1.1" 404 1188 "-" "Mozilla/5.0 (Windows NT 6.1; rv:6.0) Gecko/20110814 Firefox/6.0 Google favicon"
66.249.88.250 - - [20/Feb/2015:22:42:17 -0430] "GET /AnarWeb HTTP/1.1" 404 1192 "-" "Mozilla/5.0 (Windows NT 6.1; rv:6.0) Gecko/20110814 Firefox/6.0 Google favicon"
66.249.88.248 - - [20/Feb/2015:22:42:17 -0430] "GET /admin/ HTTP/1.1" 200 1861 "-" "Mozilla/5.0 (Windows NT 6.1; rv:6.0) Gecko/20110814 Firefox/6.0 Google favicon"
178.252.148.94 - - [21/Feb/2015:00:22:41 -0430] "GET /tmUnblock.cgi HTTP/1.1" 400 517 "-" "-"
188.138.17.205 - - [21/Feb/2015:10:00:06 -0430] "GET / HTTP/1.1" 404 2091 "-" "-"
66.249.88.248 - - [22/Feb/2015:09:14:40 -0500] "GET /AnarWeb HTTP/1.1" 404 1192 "-" "Mozilla/5.0 (Windows NT 6.1; rv:6.0) Gecko/20110814 Firefox/6.0 Google favicon"
66.249.88.250 - - [22/Feb/2015:09:44:40 -0430] "GET / HTTP/1.1" 404 1188 "-" "Mozilla/5.0 (Windows NT 6.1; rv:6.0) Gecko/20110814 Firefox/6.0 Google favicon"
66.249.88.248 - - [22/Feb/2015:09:14:40 -0500] "GET /admin/ HTTP/1.1" 200 1857 "-" "Mozilla/5.0 (Windows NT 6.1; rv:6.0) Gecko/20110814 Firefox/6.0 Google favicon"
66.249.88.250 - - [22/Feb/2015:19:21:47 -0430] "GET /favicon.ico HTTP/1.1" 404 503 "-" "Mozilla/5.0 (Windows NT 6.1; rv:6.0) Gecko/20110814 Firefox/6.0 Google favicon"
89.163.227.238 - - [23/Feb/2015:06:27:43 -0430] "GET /vtigercrm/test/upload/vtigercrm.txt HTTP/1.1" 404 2196 "-" "curl/7.35.0"
185.4.227.194 - - [23/Feb/2015:09:02:50 -0430] "GET http://24x7-allrequestsallowed.com/?PHPSESSID=ce7742cf00143PWZJ_V_N%5CE%5ER HTTP/1.1" 404 2146 "-" "-"
128.61.240.66 - - [23/Feb/2015:12:48:12 -0430] "GET / HTTP/1.0" 404 2078 "-" "masscan/1.0 (https://github.com/robertdavidgraham/masscan)"
66.249.88.252 - - [23/Feb/2015:19:38:37 -0430] "GET / HTTP/1.1" 404 1188 "-" "Mozilla/5.0 (Windows NT 6.1; rv:6.0) Gecko/20110814 Firefox/6.0 Google favicon"
185.35.62.11 - - [24/Feb/2015:08:44:39 -0430] "HEAD / HTTP/1.1" 404 158 "-" "-"
186.88.19.77 - - [24/Feb/2015:10:18:40 -0430] "POST /admin/ HTTP/1.1" 200 1989 "http://159.90.9.166/admin/" "Mozilla/5.0 (X11; Linux x86_64) AppleWebKit/537.36 (KHTML, like Gecko) Chrome/40.0.2214.93 Safari/537.36"
128.61.240.66 - - [24/Feb/2015:12:46:54 -0430] "GET / HTTP/1.0" 404 2078 "-" "masscan/1.0 (https://github.com/robertdavidgraham/masscan)"
66.249.88.248 - - [24/Feb/2015:13:20:46 -0430] "GET /admin/ HTTP/1.1" 200 1862 "-" "Mozilla/5.0 (Windows NT 6.1; rv:6.0) Gecko/20110814 Firefox/6.0 Google favicon"
141.212.122.186 - - [24/Feb/2015:17:25:09 -0430] "GET / HTTP/1.1" 404 2091 "-" "-"
186.88.19.77 - - [24/Feb/2015:19:11:24 -0430] "GET /admin HTTP/1.1" 301 324 "-" "Mozilla/5.0 (Windows NT 6.3; WOW64) AppleWebKit/537.36 (KHTML, like Gecko) Chrome/40.0.2214.115 Safari/537.36"
186.88.19.77 - - [24/Feb/2015:19:11:24 -0430] "GET /admin/ HTTP/1.1" 200 1862 "-" "Mozilla/5.0 (Windows NT 6.3; WOW64) AppleWebKit/537.36 (KHTML, like Gecko) Chrome/40.0.2214.115 Safari/537.36"
186.88.19.77 - - [24/Feb/2015:19:11:25 -0430] "GET /static/suit/bootstrap/css/bootstrap.min.css HTTP/1.1" 404 519 "http://159.90.9.166/admin/" "Mozilla/5.0 (Windows NT 6.3; WOW64) AppleWebKit/537.36 (KHTML, like Gecko) Chrome/40.0.2214.115 Safari/537.36"
186.88.19.77 - - [24/Feb/2015:19:11:25 -0430] "GET /static/suit/css/suit.css HTTP/1.1" 404 510 "http://159.90.9.166/admin/" "Mozilla/5.0 (Windows NT 6.3; WOW64) AppleWebKit/537.36 (KHTML, like Gecko) Chrome/40.0.2214.115 Safari/537.36"
186.88.19.77 - - [24/Feb/2015:19:11:25 -0430] "GET /static/suit/js/jquery-1.8.3.min.js HTTP/1.1" 404 520 "http://159.90.9.166/admin/" "Mozilla/5.0 (Windows NT 6.3; WOW64) AppleWebKit/537.36 (KHTML, like Gecko) Chrome/40.0.2214.115 Safari/537.36"
186.88.19.77 - - [24/Feb/2015:19:11:25 -0430] "GET /static/suit/bootstrap/js/bootstrap.min.js HTTP/1.1" 404 520 "http://159.90.9.166/admin/" "Mozilla/5.0 (Windows NT 6.3; WOW64) AppleWebKit/537.36 (KHTML, like Gecko) Chrome/40.0.2214.115 Safari/537.36"
186.88.19.77 - - [24/Feb/2015:19:11:25 -0430] "GET /static/suit/js/suit.js HTTP/1.1" 404 509 "http://159.90.9.166/admin/" "Mozilla/5.0 (Windows NT 6.3; WOW64) AppleWebKit/537.36 (KHTML, like Gecko) Chrome/40.0.2214.115 Safari/537.36"
186.88.19.77 - - [24/Feb/2015:19:11:25 -0430] "GET /favicon.ico HTTP/1.1" 404 502 "-" "Mozilla/5.0 (Windows NT 6.3; WOW64) AppleWebKit/537.36 (KHTML, like Gecko) Chrome/40.0.2214.115 Safari/537.36"
186.88.19.77 - - [24/Feb/2015:19:11:27 -0430] "GET /admin/ HTTP/1.1" 200 1862 "-" "Mozilla/5.0 (Windows NT 6.3; WOW64) AppleWebKit/537.36 (KHTML, like Gecko) Chrome/40.0.2214.115 Safari/537.36"
186.88.19.77 - - [24/Feb/2015:19:11:27 -0430] "GET /static/suit/bootstrap/css/bootstrap.min.css HTTP/1.1" 404 519 "http://159.90.9.166/admin/" "Mozilla/5.0 (Windows NT 6.3; WOW64) AppleWebKit/537.36 (KHTML, like Gecko) Chrome/40.0.2214.115 Safari/537.36"
186.88.19.77 - - [24/Feb/2015:19:11:27 -0430] "GET /static/suit/css/suit.css HTTP/1.1" 404 509 "http://159.90.9.166/admin/" "Mozilla/5.0 (Windows NT 6.3; WOW64) AppleWebKit/537.36 (KHTML, like Gecko) Chrome/40.0.2214.115 Safari/537.36"
186.88.19.77 - - [24/Feb/2015:19:11:27 -0430] "GET /static/suit/js/jquery-1.8.3.min.js HTTP/1.1" 404 519 "http://159.90.9.166/admin/" "Mozilla/5.0 (Windows NT 6.3; WOW64) AppleWebKit/537.36 (KHTML, like Gecko) Chrome/40.0.2214.115 Safari/537.36"
186.88.19.77 - - [24/Feb/2015:19:11:27 -0430] "GET /static/suit/bootstrap/js/bootstrap.min.js HTTP/1.1" 404 519 "http://159.90.9.166/admin/" "Mozilla/5.0 (Windows NT 6.3; WOW64) AppleWebKit/537.36 (KHTML, like Gecko) Chrome/40.0.2214.115 Safari/537.36"
186.88.19.77 - - [24/Feb/2015:19:11:27 -0430] "GET /static/suit/js/suit.js HTTP/1.1" 404 508 "http://159.90.9.166/admin/" "Mozilla/5.0 (Windows NT 6.3; WOW64) AppleWebKit/537.36 (KHTML, like Gecko) Chrome/40.0.2214.115 Safari/537.36"
186.88.19.77 - - [24/Feb/2015:19:11:31 -0430] "GET /admin/ HTTP/1.1" 200 1862 "-" "Mozilla/5.0 (Windows NT 6.3; WOW64) AppleWebKit/537.36 (KHTML, like Gecko) Chrome/40.0.2214.115 Safari/537.36"
186.88.19.77 - - [24/Feb/2015:19:11:31 -0430] "GET /static/suit/bootstrap/css/bootstrap.min.css HTTP/1.1" 404 519 "http://159.90.9.166/admin/" "Mozilla/5.0 (Windows NT 6.3; WOW64) AppleWebKit/537.36 (KHTML, like Gecko) Chrome/40.0.2214.115 Safari/537.36"
186.88.19.77 - - [24/Feb/2015:19:11:31 -0430] "GET /static/suit/css/suit.css HTTP/1.1" 404 509 "http://159.90.9.166/admin/" "Mozilla/5.0 (Windows NT 6.3; WOW64) AppleWebKit/537.36 (KHTML, like Gecko) Chrome/40.0.2214.115 Safari/537.36"
186.88.19.77 - - [24/Feb/2015:19:11:31 -0430] "GET /static/suit/js/jquery-1.8.3.min.js HTTP/1.1" 404 519 "http://159.90.9.166/admin/" "Mozilla/5.0 (Windows NT 6.3; WOW64) AppleWebKit/537.36 (KHTML, like Gecko) Chrome/40.0.2214.115 Safari/537.36"
186.88.19.77 - - [24/Feb/2015:19:11:31 -0430] "GET /static/suit/bootstrap/js/bootstrap.min.js HTTP/1.1" 404 519 "http://159.90.9.166/admin/" "Mozilla/5.0 (Windows NT 6.3; WOW64) AppleWebKit/537.36 (KHTML, like Gecko) Chrome/40.0.2214.115 Safari/537.36"
186.88.19.77 - - [24/Feb/2015:19:11:31 -0430] "GET /static/suit/js/suit.js HTTP/1.1" 404 508 "http://159.90.9.166/admin/" "Mozilla/5.0 (Windows NT 6.3; WOW64) AppleWebKit/537.36 (KHTML, like Gecko) Chrome/40.0.2214.115 Safari/537.36"
186.88.19.77 - - [24/Feb/2015:19:11:34 -0430] "GET /admin/ HTTP/1.1" 200 1862 "-" "Mozilla/5.0 (Windows NT 6.3; WOW64) AppleWebKit/537.36 (KHTML, like Gecko) Chrome/40.0.2214.115 Safari/537.36"
186.88.19.77 - - [24/Feb/2015:19:11:34 -0430] "GET /static/suit/bootstrap/css/bootstrap.min.css HTTP/1.1" 404 519 "http://159.90.9.166/admin/" "Mozilla/5.0 (Windows NT 6.3; WOW64) AppleWebKit/537.36 (KHTML, like Gecko) Chrome/40.0.2214.115 Safari/537.36"
186.88.19.77 - - [24/Feb/2015:19:11:34 -0430] "GET /static/suit/css/suit.css HTTP/1.1" 404 509 "http://159.90.9.166/admin/" "Mozilla/5.0 (Windows NT 6.3; WOW64) AppleWebKit/537.36 (KHTML, like Gecko) Chrome/40.0.2214.115 Safari/537.36"
186.88.19.77 - - [24/Feb/2015:19:11:34 -0430] "GET /static/suit/js/jquery-1.8.3.min.js HTTP/1.1" 404 519 "http://159.90.9.166/admin/" "Mozilla/5.0 (Windows NT 6.3; WOW64) AppleWebKit/537.36 (KHTML, like Gecko) Chrome/40.0.2214.115 Safari/537.36"
186.88.19.77 - - [24/Feb/2015:19:11:34 -0430] "GET /static/suit/bootstrap/js/bootstrap.min.js HTTP/1.1" 404 519 "http://159.90.9.166/admin/" "Mozilla/5.0 (Windows NT 6.3; WOW64) AppleWebKit/537.36 (KHTML, like Gecko) Chrome/40.0.2214.115 Safari/537.36"
186.88.19.77 - - [24/Feb/2015:19:11:34 -0430] "GET /static/suit/js/suit.js HTTP/1.1" 404 508 "http://159.90.9.166/admin/" "Mozilla/5.0 (Windows NT 6.3; WOW64) AppleWebKit/537.36 (KHTML, like Gecko) Chrome/40.0.2214.115 Safari/537.36"
186.88.19.77 - - [24/Feb/2015:19:11:35 -0430] "GET /admin/ HTTP/1.1" 200 1862 "-" "Mozilla/5.0 (Windows NT 6.3; WOW64) AppleWebKit/537.36 (KHTML, like Gecko) Chrome/40.0.2214.115 Safari/537.36"
186.88.19.77 - - [24/Feb/2015:19:11:35 -0430] "GET /static/suit/bootstrap/css/bootstrap.min.css HTTP/1.1" 404 519 "http://159.90.9.166/admin/" "Mozilla/5.0 (Windows NT 6.3; WOW64) AppleWebKit/537.36 (KHTML, like Gecko) Chrome/40.0.2214.115 Safari/537.36"
186.88.19.77 - - [24/Feb/2015:19:11:35 -0430] "GET /static/suit/css/suit.css HTTP/1.1" 404 509 "http://159.90.9.166/admin/" "Mozilla/5.0 (Windows NT 6.3; WOW64) AppleWebKit/537.36 (KHTML, like Gecko) Chrome/40.0.2214.115 Safari/537.36"
186.88.19.77 - - [24/Feb/2015:19:11:35 -0430] "GET /static/suit/js/jquery-1.8.3.min.js HTTP/1.1" 404 519 "http://159.90.9.166/admin/" "Mozilla/5.0 (Windows NT 6.3; WOW64) AppleWebKit/537.36 (KHTML, like Gecko) Chrome/40.0.2214.115 Safari/537.36"
186.88.19.77 - - [24/Feb/2015:19:11:35 -0430] "GET /static/suit/bootstrap/js/bootstrap.min.js HTTP/1.1" 404 519 "http://159.90.9.166/admin/" "Mozilla/5.0 (Windows NT 6.3; WOW64) AppleWebKit/537.36 (KHTML, like Gecko) Chrome/40.0.2214.115 Safari/537.36"
186.88.19.77 - - [24/Feb/2015:19:11:35 -0430] "GET /static/suit/js/suit.js HTTP/1.1" 404 508 "http://159.90.9.166/admin/" "Mozilla/5.0 (Windows NT 6.3; WOW64) AppleWebKit/537.36 (KHTML, like Gecko) Chrome/40.0.2214.115 Safari/537.36"
186.88.19.77 - - [24/Feb/2015:19:11:46 -0430] "POST /admin/ HTTP/1.1" 200 1989 "http://159.90.9.166/admin/" "Mozilla/5.0 (X11; Linux x86_64) AppleWebKit/537.36 (KHTML, like Gecko) Chrome/40.0.2214.93 Safari/537.36"
186.88.19.77 - - [24/Feb/2015:19:11:51 -0430] "GET /admin/ HTTP/1.1" 200 1862 "-" "Mozilla/5.0 (X11; Linux x86_64) AppleWebKit/537.36 (KHTML, like Gecko) Chrome/40.0.2214.93 Safari/537.36"
186.88.19.77 - - [24/Feb/2015:19:12:04 -0430] "GET /admin/ HTTP/1.1" 200 1863 "-" "Mozilla/5.0 (Windows NT 6.3; WOW64) AppleWebKit/537.36 (KHTML, like Gecko) Chrome/40.0.2214.115 Safari/537.36"
186.88.19.77 - - [24/Feb/2015:19:12:05 -0430] "GET /static/suit/bootstrap/css/bootstrap.min.css HTTP/1.1" 404 519 "http://159.90.9.166/admin/" "Mozilla/5.0 (Windows NT 6.3; WOW64) AppleWebKit/537.36 (KHTML, like Gecko) Chrome/40.0.2214.115 Safari/537.36"
186.88.19.77 - - [24/Feb/2015:19:12:05 -0430] "GET /static/suit/css/suit.css HTTP/1.1" 404 510 "http://159.90.9.166/admin/" "Mozilla/5.0 (Windows NT 6.3; WOW64) AppleWebKit/537.36 (KHTML, like Gecko) Chrome/40.0.2214.115 Safari/537.36"
186.88.19.77 - - [24/Feb/2015:19:12:05 -0430] "GET /static/suit/js/jquery-1.8.3.min.js HTTP/1.1" 404 520 "http://159.90.9.166/admin/" "Mozilla/5.0 (Windows NT 6.3; WOW64) AppleWebKit/537.36 (KHTML, like Gecko) Chrome/40.0.2214.115 Safari/537.36"
186.88.19.77 - - [24/Feb/2015:19:12:05 -0430] "GET /static/suit/bootstrap/js/bootstrap.min.js HTTP/1.1" 404 520 "http://159.90.9.166/admin/" "Mozilla/5.0 (Windows NT 6.3; WOW64) AppleWebKit/537.36 (KHTML, like Gecko) Chrome/40.0.2214.115 Safari/537.36"
186.88.19.77 - - [24/Feb/2015:19:12:05 -0430] "GET /static/suit/js/suit.js HTTP/1.1" 404 509 "http://159.90.9.166/admin/" "Mozilla/5.0 (Windows NT 6.3; WOW64) AppleWebKit/537.36 (KHTML, like Gecko) Chrome/40.0.2214.115 Safari/537.36"
186.88.19.77 - - [24/Feb/2015:19:12:10 -0430] "GET /admin/ HTTP/1.1" 200 1863 "-" "Mozilla/5.0 (Windows NT 6.3; WOW64) AppleWebKit/537.36 (KHTML, like Gecko) Chrome/40.0.2214.115 Safari/537.36"
186.88.19.77 - - [24/Feb/2015:19:12:10 -0430] "GET /static/suit/bootstrap/css/bootstrap.min.css HTTP/1.1" 404 519 "http://159.90.9.166/admin/" "Mozilla/5.0 (Windows NT 6.3; WOW64) AppleWebKit/537.36 (KHTML, like Gecko) Chrome/40.0.2214.115 Safari/537.36"
186.88.19.77 - - [24/Feb/2015:19:12:10 -0430] "GET /static/suit/css/suit.css HTTP/1.1" 404 509 "http://159.90.9.166/admin/" "Mozilla/5.0 (Windows NT 6.3; WOW64) AppleWebKit/537.36 (KHTML, like Gecko) Chrome/40.0.2214.115 Safari/537.36"
186.88.19.77 - - [24/Feb/2015:19:12:10 -0430] "GET /static/suit/js/jquery-1.8.3.min.js HTTP/1.1" 404 520 "http://159.90.9.166/admin/" "Mozilla/5.0 (Windows NT 6.3; WOW64) AppleWebKit/537.36 (KHTML, like Gecko) Chrome/40.0.2214.115 Safari/537.36"
186.88.19.77 - - [24/Feb/2015:19:12:10 -0430] "GET /static/suit/bootstrap/js/bootstrap.min.js HTTP/1.1" 404 520 "http://159.90.9.166/admin/" "Mozilla/5.0 (Windows NT 6.3; WOW64) AppleWebKit/537.36 (KHTML, like Gecko) Chrome/40.0.2214.115 Safari/537.36"
186.88.19.77 - - [24/Feb/2015:19:12:10 -0430] "GET /static/suit/js/suit.js HTTP/1.1" 404 509 "http://159.90.9.166/admin/" "Mozilla/5.0 (Windows NT 6.3; WOW64) AppleWebKit/537.36 (KHTML, like Gecko) Chrome/40.0.2214.115 Safari/537.36"
186.88.19.77 - - [24/Feb/2015:19:12:13 -0430] "POST /admin/ HTTP/1.1" 200 1970 "http://159.90.9.166/admin/" "Mozilla/5.0 (Windows NT 6.3; WOW64) AppleWebKit/537.36 (KHTML, like Gecko) Chrome/40.0.2214.115 Safari/537.36"
186.88.19.77 - - [24/Feb/2015:19:12:13 -0430] "GET /static/suit/bootstrap/css/bootstrap.min.css HTTP/1.1" 404 519 "http://159.90.9.166/admin/" "Mozilla/5.0 (Windows NT 6.3; WOW64) AppleWebKit/537.36 (KHTML, like Gecko) Chrome/40.0.2214.115 Safari/537.36"
186.88.19.77 - - [24/Feb/2015:19:12:13 -0430] "GET /static/suit/css/suit.css HTTP/1.1" 404 509 "http://159.90.9.166/admin/" "Mozilla/5.0 (Windows NT 6.3; WOW64) AppleWebKit/537.36 (KHTML, like Gecko) Chrome/40.0.2214.115 Safari/537.36"
186.88.19.77 - - [24/Feb/2015:19:12:14 -0430] "GET /static/suit/js/jquery-1.8.3.min.js HTTP/1.1" 404 519 "http://159.90.9.166/admin/" "Mozilla/5.0 (Windows NT 6.3; WOW64) AppleWebKit/537.36 (KHTML, like Gecko) Chrome/40.0.2214.115 Safari/537.36"
186.88.19.77 - - [24/Feb/2015:19:12:14 -0430] "GET /static/suit/bootstrap/js/bootstrap.min.js HTTP/1.1" 404 519 "http://159.90.9.166/admin/" "Mozilla/5.0 (Windows NT 6.3; WOW64) AppleWebKit/537.36 (KHTML, like Gecko) Chrome/40.0.2214.115 Safari/537.36"
186.88.19.77 - - [24/Feb/2015:19:12:14 -0430] "GET /static/suit/js/suit.js HTTP/1.1" 404 509 "http://159.90.9.166/admin/" "Mozilla/5.0 (Windows NT 6.3; WOW64) AppleWebKit/537.36 (KHTML, like Gecko) Chrome/40.0.2214.115 Safari/537.36"
186.88.19.77 - - [24/Feb/2015:19:12:17 -0430] "POST /admin/ HTTP/1.1" 200 1987 "http://159.90.9.166/admin/" "Mozilla/5.0 (Windows NT 6.3; WOW64) AppleWebKit/537.36 (KHTML, like Gecko) Chrome/40.0.2214.115 Safari/537.36"
186.88.19.77 - - [24/Feb/2015:19:12:17 -0430] "GET /static/suit/bootstrap/css/bootstrap.min.css HTTP/1.1" 404 519 "http://159.90.9.166/admin/" "Mozilla/5.0 (Windows NT 6.3; WOW64) AppleWebKit/537.36 (KHTML, like Gecko) Chrome/40.0.2214.115 Safari/537.36"
186.88.19.77 - - [24/Feb/2015:19:12:17 -0430] "GET /static/suit/css/suit.css HTTP/1.1" 404 509 "http://159.90.9.166/admin/" "Mozilla/5.0 (Windows NT 6.3; WOW64) AppleWebKit/537.36 (KHTML, like Gecko) Chrome/40.0.2214.115 Safari/537.36"
186.88.19.77 - - [24/Feb/2015:19:12:17 -0430] "GET /static/suit/js/jquery-1.8.3.min.js HTTP/1.1" 404 519 "http://159.90.9.166/admin/" "Mozilla/5.0 (Windows NT 6.3; WOW64) AppleWebKit/537.36 (KHTML, like Gecko) Chrome/40.0.2214.115 Safari/537.36"
186.88.19.77 - - [24/Feb/2015:19:12:17 -0430] "GET /static/suit/bootstrap/js/bootstrap.min.js HTTP/1.1" 404 519 "http://159.90.9.166/admin/" "Mozilla/5.0 (Windows NT 6.3; WOW64) AppleWebKit/537.36 (KHTML, like Gecko) Chrome/40.0.2214.115 Safari/537.36"
186.88.19.77 - - [24/Feb/2015:19:12:17 -0430] "GET /static/suit/js/suit.js HTTP/1.1" 404 508 "http://159.90.9.166/admin/" "Mozilla/5.0 (Windows NT 6.3; WOW64) AppleWebKit/537.36 (KHTML, like Gecko) Chrome/40.0.2214.115 Safari/537.36"
66.249.83.246 - - [24/Feb/2015:19:18:00 -0430] "GET /AnarWeb HTTP/1.1" 404 1192 "-" "Mozilla/5.0 (Windows NT 6.1; rv:6.0) Gecko/20110814 Firefox/6.0 Google favicon"
66.249.83.234 - - [24/Feb/2015:19:18:00 -0430] "GET /admin/ HTTP/1.1" 200 1860 "-" "Mozilla/5.0 (Windows NT 6.1; rv:6.0) Gecko/20110814 Firefox/6.0 Google favicon"
190.76.88.14 - - [24/Feb/2015:19:18:15 -0430] "GET /admin HTTP/1.1" 301 324 "-" "Mozilla/5.0 (X11; Linux x86_64) AppleWebKit/537.36 (KHTML, like Gecko) Ubuntu Chromium/37.0.2062.120 Chrome/37.0.2062.120 Safari/537.36"
190.76.88.14 - - [24/Feb/2015:19:18:16 -0430] "GET /admin/ HTTP/1.1" 200 1857 "-" "Mozilla/5.0 (X11; Linux x86_64) AppleWebKit/537.36 (KHTML, like Gecko) Ubuntu Chromium/37.0.2062.120 Chrome/37.0.2062.120 Safari/537.36"
190.76.88.14 - - [24/Feb/2015:19:18:17 -0430] "GET /static/suit/bootstrap/css/bootstrap.min.css HTTP/1.1" 404 520 "http://159.90.9.166/admin/" "Mozilla/5.0 (X11; Linux x86_64) AppleWebKit/537.36 (KHTML, like Gecko) Ubuntu Chromium/37.0.2062.120 Chrome/37.0.2062.120 Safari/537.36"
190.76.88.14 - - [24/Feb/2015:19:18:17 -0430] "GET /static/suit/css/suit.css HTTP/1.1" 404 510 "http://159.90.9.166/admin/" "Mozilla/5.0 (X11; Linux x86_64) AppleWebKit/537.36 (KHTML, like Gecko) Ubuntu Chromium/37.0.2062.120 Chrome/37.0.2062.120 Safari/537.36"
190.76.88.14 - - [24/Feb/2015:19:18:18 -0430] "GET /static/suit/js/jquery-1.8.3.min.js HTTP/1.1" 404 519 "http://159.90.9.166/admin/" "Mozilla/5.0 (X11; Linux x86_64) AppleWebKit/537.36 (KHTML, like Gecko) Ubuntu Chromium/37.0.2062.120 Chrome/37.0.2062.120 Safari/537.36"
190.76.88.14 - - [24/Feb/2015:19:18:18 -0430] "GET /static/suit/bootstrap/js/bootstrap.min.js HTTP/1.1" 404 520 "http://159.90.9.166/admin/" "Mozilla/5.0 (X11; Linux x86_64) AppleWebKit/537.36 (KHTML, like Gecko) Ubuntu Chromium/37.0.2062.120 Chrome/37.0.2062.120 Safari/537.36"
190.76.88.14 - - [24/Feb/2015:19:18:18 -0430] "GET /static/suit/js/suit.js HTTP/1.1" 404 509 "http://159.90.9.166/admin/" "Mozilla/5.0 (X11; Linux x86_64) AppleWebKit/537.36 (KHTML, like Gecko) Ubuntu Chromium/37.0.2062.120 Chrome/37.0.2062.120 Safari/537.36"
190.76.88.14 - - [24/Feb/2015:19:18:18 -0430] "GET /favicon.ico HTTP/1.1" 404 502 "-" "Mozilla/5.0 (X11; Linux x86_64) AppleWebKit/537.36 (KHTML, like Gecko) Ubuntu Chromium/37.0.2062.120 Chrome/37.0.2062.120 Safari/537.36"
190.76.88.14 - - [24/Feb/2015:19:21:31 -0430] "POST /admin/ HTTP/1.1" 200 1984 "http://159.90.9.166/admin/" "Mozilla/5.0 (X11; Linux x86_64) AppleWebKit/537.36 (KHTML, like Gecko) Ubuntu Chromium/37.0.2062.120 Chrome/37.0.2062.120 Safari/537.36"
190.76.88.14 - - [24/Feb/2015:19:21:32 -0430] "GET /static/suit/bootstrap/css/bootstrap.min.css HTTP/1.1" 404 520 "http://159.90.9.166/admin/" "Mozilla/5.0 (X11; Linux x86_64) AppleWebKit/537.36 (KHTML, like Gecko) Ubuntu Chromium/37.0.2062.120 Chrome/37.0.2062.120 Safari/537.36"
190.76.88.14 - - [24/Feb/2015:19:21:33 -0430] "GET /static/suit/css/suit.css HTTP/1.1" 404 509 "http://159.90.9.166/admin/" "Mozilla/5.0 (X11; Linux x86_64) AppleWebKit/537.36 (KHTML, like Gecko) Ubuntu Chromium/37.0.2062.120 Chrome/37.0.2062.120 Safari/537.36"
190.76.88.14 - - [24/Feb/2015:19:21:33 -0430] "GET /static/suit/js/jquery-1.8.3.min.js HTTP/1.1" 404 520 "http://159.90.9.166/admin/" "Mozilla/5.0 (X11; Linux x86_64) AppleWebKit/537.36 (KHTML, like Gecko) Ubuntu Chromium/37.0.2062.120 Chrome/37.0.2062.120 Safari/537.36"
190.76.88.14 - - [24/Feb/2015:19:21:33 -0430] "GET /static/suit/bootstrap/js/bootstrap.min.js HTTP/1.1" 404 520 "http://159.90.9.166/admin/" "Mozilla/5.0 (X11; Linux x86_64) AppleWebKit/537.36 (KHTML, like Gecko) Ubuntu Chromium/37.0.2062.120 Chrome/37.0.2062.120 Safari/537.36"
190.76.88.14 - - [24/Feb/2015:19:21:33 -0430] "GET /static/suit/js/suit.js HTTP/1.1" 404 509 "http://159.90.9.166/admin/" "Mozilla/5.0 (X11; Linux x86_64) AppleWebKit/537.36 (KHTML, like Gecko) Ubuntu Chromium/37.0.2062.120 Chrome/37.0.2062.120 Safari/537.36"
190.76.88.14 - - [24/Feb/2015:19:26:39 -0430] "POST /admin/ HTTP/1.1" 302 562 "http://159.90.9.166/admin/" "Mozilla/5.0 (X11; Linux x86_64) AppleWebKit/537.36 (KHTML, like Gecko) Ubuntu Chromium/37.0.2062.120 Chrome/37.0.2062.120 Safari/537.36"
190.76.88.14 - - [24/Feb/2015:19:26:40 -0430] "GET /admin/ HTTP/1.1" 200 2447 "http://159.90.9.166/admin/" "Mozilla/5.0 (X11; Linux x86_64) AppleWebKit/537.36 (KHTML, like Gecko) Ubuntu Chromium/37.0.2062.120 Chrome/37.0.2062.120 Safari/537.36"
190.76.88.14 - - [24/Feb/2015:19:26:41 -0430] "GET /static/suit/bootstrap/css/bootstrap.min.css HTTP/1.1" 404 519 "http://159.90.9.166/admin/" "Mozilla/5.0 (X11; Linux x86_64) AppleWebKit/537.36 (KHTML, like Gecko) Ubuntu Chromium/37.0.2062.120 Chrome/37.0.2062.120 Safari/537.36"
190.76.88.14 - - [24/Feb/2015:19:26:41 -0430] "GET /static/suit/css/suit.css HTTP/1.1" 404 510 "http://159.90.9.166/admin/" "Mozilla/5.0 (X11; Linux x86_64) AppleWebKit/537.36 (KHTML, like Gecko) Ubuntu Chromium/37.0.2062.120 Chrome/37.0.2062.120 Safari/537.36"
190.76.88.14 - - [24/Feb/2015:19:26:41 -0430] "GET /static/suit/js/jquery-1.8.3.min.js HTTP/1.1" 404 520 "http://159.90.9.166/admin/" "Mozilla/5.0 (X11; Linux x86_64) AppleWebKit/537.36 (KHTML, like Gecko) Ubuntu Chromium/37.0.2062.120 Chrome/37.0.2062.120 Safari/537.36"
190.76.88.14 - - [24/Feb/2015:19:26:41 -0430] "GET /static/suit/bootstrap/js/bootstrap.min.js HTTP/1.1" 404 520 "http://159.90.9.166/admin/" "Mozilla/5.0 (X11; Linux x86_64) AppleWebKit/537.36 (KHTML, like Gecko) Ubuntu Chromium/37.0.2062.120 Chrome/37.0.2062.120 Safari/537.36"
190.76.88.14 - - [24/Feb/2015:19:26:41 -0430] "GET /static/suit/js/suit.js HTTP/1.1" 404 509 "http://159.90.9.166/admin/" "Mozilla/5.0 (X11; Linux x86_64) AppleWebKit/537.36 (KHTML, like Gecko) Ubuntu Chromium/37.0.2062.120 Chrome/37.0.2062.120 Safari/537.36"
190.76.88.14 - - [24/Feb/2015:19:27:02 -0430] "GET /admin/auth/group/ HTTP/1.1" 200 2835 "http://159.90.9.166/admin/" "Mozilla/5.0 (X11; Linux x86_64) AppleWebKit/537.36 (KHTML, like Gecko) Ubuntu Chromium/37.0.2062.120 Chrome/37.0.2062.120 Safari/537.36"
190.76.88.14 - - [24/Feb/2015:19:27:02 -0430] "GET /admin/jsi18n/ HTTP/1.1" 200 5536 "http://159.90.9.166/admin/auth/group/" "Mozilla/5.0 (X11; Linux x86_64) AppleWebKit/537.36 (KHTML, like Gecko) Ubuntu Chromium/37.0.2062.120 Chrome/37.0.2062.120 Safari/537.36"
190.76.88.14 - - [24/Feb/2015:19:27:02 -0430] "GET /static/suit/bootstrap/css/bootstrap.min.css HTTP/1.1" 404 520 "http://159.90.9.166/admin/auth/group/" "Mozilla/5.0 (X11; Linux x86_64) AppleWebKit/537.36 (KHTML, like Gecko) Ubuntu Chromium/37.0.2062.120 Chrome/37.0.2062.120 Safari/537.36"
190.76.88.14 - - [24/Feb/2015:19:27:03 -0430] "GET /static/suit/css/suit.css HTTP/1.1" 404 510 "http://159.90.9.166/admin/auth/group/" "Mozilla/5.0 (X11; Linux x86_64) AppleWebKit/537.36 (KHTML, like Gecko) Ubuntu Chromium/37.0.2062.120 Chrome/37.0.2062.120 Safari/537.36"
190.76.88.14 - - [24/Feb/2015:19:27:03 -0430] "GET /static/admin/js/core.js HTTP/1.1" 404 512 "http://159.90.9.166/admin/auth/group/" "Mozilla/5.0 (X11; Linux x86_64) AppleWebKit/537.36 (KHTML, like Gecko) Ubuntu Chromium/37.0.2062.120 Chrome/37.0.2062.120 Safari/537.36"
190.76.88.14 - - [24/Feb/2015:19:27:03 -0430] "GET /static/admin/js/admin/RelatedObjectLookups.js HTTP/1.1" 404 525 "http://159.90.9.166/admin/auth/group/" "Mozilla/5.0 (X11; Linux x86_64) AppleWebKit/537.36 (KHTML, like Gecko) Ubuntu Chromium/37.0.2062.120 Chrome/37.0.2062.120 Safari/537.36"
190.76.88.14 - - [24/Feb/2015:19:27:03 -0430] "GET /static/admin/js/jquery.js HTTP/1.1" 404 512 "http://159.90.9.166/admin/auth/group/" "Mozilla/5.0 (X11; Linux x86_64) AppleWebKit/537.36 (KHTML, like Gecko) Ubuntu Chromium/37.0.2062.120 Chrome/37.0.2062.120 Safari/537.36"
190.76.88.14 - - [24/Feb/2015:19:27:03 -0430] "GET /static/admin/js/jquery.init.js HTTP/1.1" 404 516 "http://159.90.9.166/admin/auth/group/" "Mozilla/5.0 (X11; Linux x86_64) AppleWebKit/537.36 (KHTML, like Gecko) Ubuntu Chromium/37.0.2062.120 Chrome/37.0.2062.120 Safari/537.36"
190.76.88.14 - - [24/Feb/2015:19:27:03 -0430] "GET /static/admin/js/actions.js HTTP/1.1" 404 513 "http://159.90.9.166/admin/auth/group/" "Mozilla/5.0 (X11; Linux x86_64) AppleWebKit/537.36 (KHTML, like Gecko) Ubuntu Chromium/37.0.2062.120 Chrome/37.0.2062.120 Safari/537.36"
190.76.88.14 - - [24/Feb/2015:19:27:04 -0430] "GET /static/suit/js/jquery-1.8.3.min.js HTTP/1.1" 404 519 "http://159.90.9.166/admin/auth/group/" "Mozilla/5.0 (X11; Linux x86_64) AppleWebKit/537.36 (KHTML, like Gecko) Ubuntu Chromium/37.0.2062.120 Chrome/37.0.2062.120 Safari/537.36"
190.76.88.14 - - [24/Feb/2015:19:27:04 -0430] "GET /static/suit/bootstrap/js/bootstrap.min.js HTTP/1.1" 404 519 "http://159.90.9.166/admin/auth/group/" "Mozilla/5.0 (X11; Linux x86_64) AppleWebKit/537.36 (KHTML, like Gecko) Ubuntu Chromium/37.0.2062.120 Chrome/37.0.2062.120 Safari/537.36"
190.76.88.14 - - [24/Feb/2015:19:27:04 -0430] "GET /static/suit/js/suit.js HTTP/1.1" 404 508 "http://159.90.9.166/admin/auth/group/" "Mozilla/5.0 (X11; Linux x86_64) AppleWebKit/537.36 (KHTML, like Gecko) Ubuntu Chromium/37.0.2062.120 Chrome/37.0.2062.120 Safari/537.36"
186.88.19.77 - - [24/Feb/2015:19:33:05 -0430] "POST /admin/ HTTP/1.1" 200 1990 "http://159.90.9.166/admin/" "Mozilla/5.0 (X11; Linux x86_64) AppleWebKit/537.36 (KHTML, like Gecko) Chrome/40.0.2214.93 Safari/537.36"
186.88.19.77 - - [24/Feb/2015:19:33:21 -0430] "POST /admin/ HTTP/1.1" 302 562 "http://159.90.9.166/admin/" "Mozilla/5.0 (X11; Linux x86_64) AppleWebKit/537.36 (KHTML, like Gecko) Chrome/40.0.2214.93 Safari/537.36"
186.88.19.77 - - [24/Feb/2015:19:33:22 -0430] "GET /admin/ HTTP/1.1" 200 2447 "http://159.90.9.166/admin/" "Mozilla/5.0 (X11; Linux x86_64) AppleWebKit/537.36 (KHTML, like Gecko) Chrome/40.0.2214.93 Safari/537.36"
186.88.19.77 - - [24/Feb/2015:19:33:23 -0430] "GET /static/suit/img/bg_left_white.gif HTTP/1.1" 404 519 "http://159.90.9.166/static/suit/css/suit.css" "Mozilla/5.0 (X11; Linux x86_64) AppleWebKit/537.36 (KHTML, like Gecko) Chrome/40.0.2214.93 Safari/537.36"
186.88.19.77 - - [24/Feb/2015:19:33:23 -0430] "GET /static/suit/img/glyphicons-halflings-white-nav.png HTTP/1.1" 404 533 "http://159.90.9.166/static/suit/css/suit.css" "Mozilla/5.0 (X11; Linux x86_64) AppleWebKit/537.36 (KHTML, like Gecko) Chrome/40.0.2214.93 Safari/537.36"
186.88.19.77 - - [24/Feb/2015:19:33:24 -0430] "GET /static/suit/img/glyphicons-halflings-white-shadow.png HTTP/1.1" 404 533 "http://159.90.9.166/static/suit/css/suit.css" "Mozilla/5.0 (X11; Linux x86_64) AppleWebKit/537.36 (KHTML, like Gecko) Chrome/40.0.2214.93 Safari/537.36"
186.88.19.77 - - [24/Feb/2015:19:33:24 -0430] "GET /static/suit/img/cc_active_nav.png HTTP/1.1" 404 520 "http://159.90.9.166/static/suit/css/suit.css" "Mozilla/5.0 (X11; Linux x86_64) AppleWebKit/537.36 (KHTML, like Gecko) Chrome/40.0.2214.93 Safari/537.36"
186.88.19.77 - - [24/Feb/2015:19:33:26 -0430] "GET /admin/Rocas/roca/ HTTP/1.1" 200 2733 "http://159.90.9.166/admin/" "Mozilla/5.0 (X11; Linux x86_64) AppleWebKit/537.36 (KHTML, like Gecko) Chrome/40.0.2214.93 Safari/537.36"
186.88.19.77 - - [24/Feb/2015:19:33:28 -0430] "GET /static/apps/Rocas/admin.css HTTP/1.1" 404 513 "http://159.90.9.166/admin/Rocas/roca/" "Mozilla/5.0 (X11; Linux x86_64) AppleWebKit/537.36 (KHTML, like Gecko) Chrome/40.0.2214.93 Safari/537.36"
186.88.19.77 - - [24/Feb/2015:19:33:28 -0430] "GET /static/admin/js/core.js HTTP/1.1" 404 512 "http://159.90.9.166/admin/Rocas/roca/" "Mozilla/5.0 (X11; Linux x86_64) AppleWebKit/537.36 (KHTML, like Gecko) Chrome/40.0.2214.93 Safari/537.36"
186.88.19.77 - - [24/Feb/2015:19:33:28 -0430] "GET /static/admin/js/admin/RelatedObjectLookups.js HTTP/1.1" 404 525 "http://159.90.9.166/admin/Rocas/roca/" "Mozilla/5.0 (X11; Linux x86_64) AppleWebKit/537.36 (KHTML, like Gecko) Chrome/40.0.2214.93 Safari/537.36"
186.88.19.77 - - [24/Feb/2015:19:33:28 -0430] "GET /admin/jsi18n/ HTTP/1.1" 200 5536 "http://159.90.9.166/admin/Rocas/roca/" "Mozilla/5.0 (X11; Linux x86_64) AppleWebKit/537.36 (KHTML, like Gecko) Chrome/40.0.2214.93 Safari/537.36"
186.88.19.77 - - [24/Feb/2015:19:33:29 -0430] "GET /static/admin/js/jquery.js HTTP/1.1" 404 513 "http://159.90.9.166/admin/Rocas/roca/" "Mozilla/5.0 (X11; Linux x86_64) AppleWebKit/537.36 (KHTML, like Gecko) Chrome/40.0.2214.93 Safari/537.36"
186.88.19.77 - - [24/Feb/2015:19:33:29 -0430] "GET /static/admin/js/jquery.init.js HTTP/1.1" 404 516 "http://159.90.9.166/admin/Rocas/roca/" "Mozilla/5.0 (X11; Linux x86_64) AppleWebKit/537.36 (KHTML, like Gecko) Chrome/40.0.2214.93 Safari/537.36"
186.88.19.77 - - [24/Feb/2015:19:33:29 -0430] "GET /static/admin/js/actions.js HTTP/1.1" 404 513 "http://159.90.9.166/admin/Rocas/roca/" "Mozilla/5.0 (X11; Linux x86_64) AppleWebKit/537.36 (KHTML, like Gecko) Chrome/40.0.2214.93 Safari/537.36"
186.88.19.77 - - [24/Feb/2015:19:33:29 -0430] "GET /static/apps/Rocas/admin.js HTTP/1.1" 404 513 "http://159.90.9.166/admin/Rocas/roca/" "Mozilla/5.0 (X11; Linux x86_64) AppleWebKit/537.36 (KHTML, like Gecko) Chrome/40.0.2214.93 Safari/537.36"
186.88.19.77 - - [24/Feb/2015:19:33:30 -0430] "GET /static/suit/img/bg_left_white.gif HTTP/1.1" 404 519 "http://159.90.9.166/static/suit/css/suit.css" "Mozilla/5.0 (X11; Linux x86_64) AppleWebKit/537.36 (KHTML, like Gecko) Chrome/40.0.2214.93 Safari/537.36"
186.88.19.77 - - [24/Feb/2015:19:33:30 -0430] "GET /static/suit/img/glyphicons-halflings-white-nav.png HTTP/1.1" 404 532 "http://159.90.9.166/static/suit/css/suit.css" "Mozilla/5.0 (X11; Linux x86_64) AppleWebKit/537.36 (KHTML, like Gecko) Chrome/40.0.2214.93 Safari/537.36"
186.88.19.77 - - [24/Feb/2015:19:33:30 -0430] "GET /static/suit/img/glyphicons-halflings-white-shadow.png HTTP/1.1" 404 533 "http://159.90.9.166/static/suit/css/suit.css" "Mozilla/5.0 (X11; Linux x86_64) AppleWebKit/537.36 (KHTML, like Gecko) Chrome/40.0.2214.93 Safari/537.36"
186.88.19.77 - - [24/Feb/2015:19:33:30 -0430] "GET /static/suit/img/cc_active_nav.png HTTP/1.1" 404 520 "http://159.90.9.166/static/suit/css/suit.css" "Mozilla/5.0 (X11; Linux x86_64) AppleWebKit/537.36 (KHTML, like Gecko) Chrome/40.0.2214.93 Safari/537.36"
190.76.88.14 - - [24/Feb/2015:19:33:33 -0430] "GET /static/suit/css/suit.css HTTP/1.1" 404 510 "http://159.90.9.166/admin/auth/group/" "Mozilla/5.0 (X11; Linux x86_64) AppleWebKit/537.36 (KHTML, like Gecko) Ubuntu Chromium/37.0.2062.120 Chrome/37.0.2062.120 Safari/537.36"
190.76.88.14 - - [24/Feb/2015:19:33:33 -0430] "GET /static/suit/bootstrap/css/bootstrap.min.css HTTP/1.1" 404 520 "http://159.90.9.166/admin/auth/group/" "Mozilla/5.0 (X11; Linux x86_64) AppleWebKit/537.36 (KHTML, like Gecko) Ubuntu Chromium/37.0.2062.120 Chrome/37.0.2062.120 Safari/537.36"
186.88.19.77 - - [24/Feb/2015:19:33:34 -0430] "GET /static/apps/Rocas/admin.css HTTP/1.1" 404 513 "http://159.90.9.166/admin/Rocas/roca/" "Mozilla/5.0 (X11; Linux x86_64) AppleWebKit/537.36 (KHTML, like Gecko) Chrome/40.0.2214.93 Safari/537.36"
